Windows Firewall rule ready
  Rule:          NetworkCopy Speed Edition TCP 7337
  Program:       C:\Users\User\Desktop\randomprojectsillneverfinish\networkcopyspeededition\target\release\networkcopy-speed.exe
  Inbound TCP:   7337
  Remote scope:  local subnet

NetworkCopy Speed Edition raw TCP receiver
  Listening:    127.0.0.1:7337
  Receive buffer: 256 KiB requested
  Destination:  discarded memory buffers
  Mode:         one calibration, then exit

Raw TCP calibration receive complete
  TCP data streams:     4
  Payload transferred:  17,179,869,184 bytes
  Buffer per lane:      1,048,576 bytes
  Process buffers:      4,194,304 bytes
  Socket send buffer:   65,536 bytes
  Socket receive buffer:262,144 bytes
  Elapsed:              1.144840 s
  Raw throughput:       15006.35 MB/s (14311.17 MiB/s)
  Link throughput:      120.051 Gbit/s
