Windows Firewall rule ready
  Rule:          NetworkCopy Speed Edition TCP 7337
  Program:       C:\Users\User\Desktop\randomprojectsillneverfinish\networkcopyspeededition\target\release\networkcopy-speed.exe
  Inbound TCP:   7337
  Remote scope:  local subnet

NetworkCopy Speed Edition raw TCP receiver
  Listening:    127.0.0.1:7337
  Receive buffer: 4096 KiB requested
  Destination:  discarded memory buffers
  Mode:         one calibration, then exit

Raw TCP calibration receive complete
  TCP data streams:     4
  Payload transferred:  17,179,869,184 bytes
  Buffer per lane:      1,048,576 bytes
  Process buffers:      4,194,304 bytes
  Socket send buffer:   65,536 bytes
  Socket receive buffer:4,194,304 bytes
  Elapsed:              0.747693 s
  Raw throughput:       22977.16 MB/s (21912.73 MiB/s)
  Link throughput:      183.817 Gbit/s
